Archive member included because of file (symbol)

c:/winavr-20100110/bin/../lib/gcc/avr/4.3.3/avr5\libgcc.a(_udivmodqi4.o)
                              ./repo/APP/SevenSegment.o (__udivmodqi4)
c:/winavr-20100110/bin/../lib/gcc/avr/4.3.3/avr5\libgcc.a(_exit.o)
                              c:/winavr-20100110/bin/../lib/gcc/avr/4.3.3/../../../../avr/lib/avr5/crtm32.o (exit)
c:/winavr-20100110/bin/../lib/gcc/avr/4.3.3/avr5\libgcc.a(_copy_data.o)
                              ./repo/APP/ADC.o (__do_copy_data)
c:/winavr-20100110/bin/../lib/gcc/avr/4.3.3/avr5\libgcc.a(_clear_bss.o)
                              ./repo/MCAL/TIMER0/TIMER0.o (__do_clear_bss)
c:/winavr-20100110/bin/../lib/gcc/avr/4.3.3/avr5\libgcc.a(_fixunssfsi.o)
                              ./repo/HAL/LCD/LCD.o (__fixunssfsi)
c:/winavr-20100110/bin/../lib/gcc/avr/4.3.3/avr5\libgcc.a(_addsub_sf.o)
                              c:/winavr-20100110/bin/../lib/gcc/avr/4.3.3/avr5\libgcc.a(_fixunssfsi.o) (__subsf3)
c:/winavr-20100110/bin/../lib/gcc/avr/4.3.3/avr5\libgcc.a(_mul_sf.o)
                              ./repo/HAL/LCD/LCD.o (__mulsf3)
c:/winavr-20100110/bin/../lib/gcc/avr/4.3.3/avr5\libgcc.a(_gt_sf.o)
                              ./repo/HAL/LCD/LCD.o (__gtsf2)
c:/winavr-20100110/bin/../lib/gcc/avr/4.3.3/avr5\libgcc.a(_ge_sf.o)
                              c:/winavr-20100110/bin/../lib/gcc/avr/4.3.3/avr5\libgcc.a(_fixunssfsi.o) (__gesf2)
c:/winavr-20100110/bin/../lib/gcc/avr/4.3.3/avr5\libgcc.a(_lt_sf.o)
                              ./repo/HAL/LCD/LCD.o (__ltsf2)
c:/winavr-20100110/bin/../lib/gcc/avr/4.3.3/avr5\libgcc.a(_sf_to_si.o)
                              c:/winavr-20100110/bin/../lib/gcc/avr/4.3.3/avr5\libgcc.a(_fixunssfsi.o) (__fixsfsi)
c:/winavr-20100110/bin/../lib/gcc/avr/4.3.3/avr5\libgcc.a(_thenan_sf.o)
                              c:/winavr-20100110/bin/../lib/gcc/avr/4.3.3/avr5\libgcc.a(_addsub_sf.o) (__thenan_sf)
c:/winavr-20100110/bin/../lib/gcc/avr/4.3.3/avr5\libgcc.a(_prologue.o)
                              c:/winavr-20100110/bin/../lib/gcc/avr/4.3.3/avr5\libgcc.a(_addsub_sf.o) (__prologue_saves__)
c:/winavr-20100110/bin/../lib/gcc/avr/4.3.3/avr5\libgcc.a(_epilogue.o)
                              c:/winavr-20100110/bin/../lib/gcc/avr/4.3.3/avr5\libgcc.a(_addsub_sf.o) (__epilogue_restores__)
c:/winavr-20100110/bin/../lib/gcc/avr/4.3.3/avr5\libgcc.a(_pack_sf.o)
                              c:/winavr-20100110/bin/../lib/gcc/avr/4.3.3/avr5\libgcc.a(_addsub_sf.o) (__pack_f)
c:/winavr-20100110/bin/../lib/gcc/avr/4.3.3/avr5\libgcc.a(_unpack_sf.o)
                              c:/winavr-20100110/bin/../lib/gcc/avr/4.3.3/avr5\libgcc.a(_addsub_sf.o) (__unpack_f)
c:/winavr-20100110/bin/../lib/gcc/avr/4.3.3/avr5\libgcc.a(_fpcmp_parts_sf.o)
                              c:/winavr-20100110/bin/../lib/gcc/avr/4.3.3/avr5\libgcc.a(_gt_sf.o) (__fpcmp_parts_f)
c:/winavr-20100110/bin/../lib/gcc/avr/4.3.3/../../../../avr/lib/avr5\libc.a(itoa.o)
                              ./repo/APP/ADC.o (itoa)
c:/winavr-20100110/bin/../lib/gcc/avr/4.3.3/../../../../avr/lib/avr5\libc.a(strrev.o)
                              c:/winavr-20100110/bin/../lib/gcc/avr/4.3.3/../../../../avr/lib/avr5\libc.a(itoa.o) (strrev)
c:/winavr-20100110/bin/../lib/gcc/avr/4.3.3/avr5\libgcc.a(_udivmodhi4.o)
                              c:/winavr-20100110/bin/../lib/gcc/avr/4.3.3/../../../../avr/lib/avr5\libc.a(itoa.o) (__udivmodhi4)

Memory Configuration

Name             Origin             Length             Attributes
text             0x00000000         0x00020000         xr
data             0x00800060         0x0000ffa0         rw !x
eeprom           0x00810000         0x00010000         rw !x
fuse             0x00820000         0x00000400         rw !x
lock             0x00830000         0x00000400         rw !x
signature        0x00840000         0x00000400         rw !x
*default*        0x00000000         0xffffffff

Linker script and memory map

LOAD c:/winavr-20100110/bin/../lib/gcc/avr/4.3.3/../../../../avr/lib/avr5/crtm32.o
LOAD ./repo/MCAL/TIMER0/TIMER0.o
LOAD ./repo/MCAL/GIE/GIE.o
LOAD ./repo/MCAL/EXTI/EXTI.o
LOAD ./repo/MCAL/DIO/DIO.o
LOAD ./repo/MCAL/ADC/ADC.o
LOAD ./repo/HAL/Seven_Segmant/Seven_Segmant.o
LOAD ./repo/HAL/LCD/LCD.o
LOAD ./repo/APP/ADC.o
LOAD ./repo/APP/Challenge1.o
LOAD ./repo/APP/EXTI_APP.o
LOAD ./repo/APP/LCD_App.o
LOAD ./repo/APP/LED.o
LOAD ./repo/APP/LED2.o
LOAD ./repo/APP/PushButton.o
LOAD ./repo/APP/PushButton2.o
LOAD ./repo/APP/SevenSegment.o
LOAD ./repo/APP/TimeLab.o
LOAD ./main.o
LOAD c:/winavr-20100110/bin/../lib/gcc/avr/4.3.3/avr5\libgcc.a
LOAD c:/winavr-20100110/bin/../lib/gcc/avr/4.3.3/../../../../avr/lib/avr5\libc.a
LOAD c:/winavr-20100110/bin/../lib/gcc/avr/4.3.3/avr5\libgcc.a

.hash
 *(.hash)

.dynsym
 *(.dynsym)

.dynstr
 *(.dynstr)

.gnu.version
 *(.gnu.version)

.gnu.version_d
 *(.gnu.version_d)

.gnu.version_r
 *(.gnu.version_r)

.rel.init
 *(.rel.init)

.rela.init
 *(.rela.init)

.rel.text
 *(.rel.text)
 *(.rel.text.*)
 *(.rel.gnu.linkonce.t*)

.rela.text
 *(.rela.text)
 *(.rela.text.*)
 *(.rela.gnu.linkonce.t*)

.rel.fini
 *(.rel.fini)

.rela.fini
 *(.rela.fini)

.rel.rodata
 *(.rel.rodata)
 *(.rel.rodata.*)
 *(.rel.gnu.linkonce.r*)

.rela.rodata
 *(.rela.rodata)
 *(.rela.rodata.*)
 *(.rela.gnu.linkonce.r*)

.rel.data
 *(.rel.data)
 *(.rel.data.*)
 *(.rel.gnu.linkonce.d*)

.rela.data
 *(.rela.data)
 *(.rela.data.*)
 *(.rela.gnu.linkonce.d*)

.rel.ctors
 *(.rel.ctors)

.rela.ctors
 *(.rela.ctors)

.rel.dtors
 *(.rel.dtors)

.rela.dtors
 *(.rela.dtors)

.rel.got
 *(.rel.got)

.rela.got
 *(.rela.got)

.rel.bss
 *(.rel.bss)

.rela.bss
 *(.rela.bss)

.rel.plt
 *(.rel.plt)

.rela.plt
 *(.rela.plt)

.text           0x00000000     0x4b64
 *(.vectors)
 .vectors       0x00000000       0x54 c:/winavr-20100110/bin/../lib/gcc/avr/4.3.3/../../../../avr/lib/avr5/crtm32.o
                0x00000000                __vectors
                0x00000000                __vector_default
 *(.vectors)
 *(.progmem.gcc*)
 *(.progmem*)
                0x00000054                . = ALIGN (0x2)
                0x00000054                __trampolines_start = .
 *(.trampolines)
 .trampolines   0x00000054        0x0 linker stubs
 *(.trampolines*)
                0x00000054                __trampolines_end = .
 *(.jumptables)
 *(.jumptables*)
 *(.lowtext)
 *(.lowtext*)
                0x00000054                __ctors_start = .
 *(.ctors)
                0x00000054                __ctors_end = .
                0x00000054                __dtors_start = .
 *(.dtors)
                0x00000054                __dtors_end = .
 SORT(*)(.ctors)
 SORT(*)(.dtors)
 *(.init0)
 .init0         0x00000054        0x0 c:/winavr-20100110/bin/../lib/gcc/avr/4.3.3/../../../../avr/lib/avr5/crtm32.o
                0x00000054                __init
 *(.init0)
 *(.init1)
 *(.init1)
 *(.init2)
 .init2         0x00000054        0xc c:/winavr-20100110/bin/../lib/gcc/avr/4.3.3/../../../../avr/lib/avr5/crtm32.o
 *(.init2)
 *(.init3)
 *(.init3)
 *(.init4)
 .init4         0x00000060       0x16 c:/winavr-20100110/bin/../lib/gcc/avr/4.3.3/avr5\libgcc.a(_copy_data.o)
                0x00000060                __do_copy_data
 .init4         0x00000076       0x10 c:/winavr-20100110/bin/../lib/gcc/avr/4.3.3/avr5\libgcc.a(_clear_bss.o)
                0x00000076                __do_clear_bss
 *(.init4)
 *(.init5)
 *(.init5)
 *(.init6)
 *(.init6)
 *(.init7)
 *(.init7)
 *(.init8)
 *(.init8)
 *(.init9)
 .init9         0x00000086        0x8 c:/winavr-20100110/bin/../lib/gcc/avr/4.3.3/../../../../avr/lib/avr5/crtm32.o
 *(.init9)
 *(.text)
 .text          0x0000008e        0x4 c:/winavr-20100110/bin/../lib/gcc/avr/4.3.3/../../../../avr/lib/avr5/crtm32.o
                0x0000008e                __vector_12
                0x0000008e                __bad_interrupt
                0x0000008e                __vector_6
                0x0000008e                __vector_13
                0x0000008e                __vector_17
                0x0000008e                __vector_19
                0x0000008e                __vector_7
                0x0000008e                __vector_5
                0x0000008e                __vector_4
                0x0000008e                __vector_9
                0x0000008e                __vector_15
                0x0000008e                __vector_8
                0x0000008e                __vector_14
                0x0000008e                __vector_16
                0x0000008e                __vector_18
                0x0000008e                __vector_20
 .text          0x00000092        0x0 ./repo/MCAL/TIMER0/TIMER0.o
 .text          0x00000092        0x0 ./repo/MCAL/GIE/GIE.o
 .text          0x00000092        0x0 ./repo/MCAL/EXTI/EXTI.o
 .text          0x00000092        0x0 ./repo/MCAL/DIO/DIO.o
 .text          0x00000092        0x0 ./repo/MCAL/ADC/ADC.o
 .text          0x00000092        0x0 ./repo/HAL/Seven_Segmant/Seven_Segmant.o
 .text          0x00000092        0x0 ./repo/HAL/LCD/LCD.o
 .text          0x00000092        0x0 ./repo/APP/ADC.o
 .text          0x00000092        0x0 ./repo/APP/Challenge1.o
 .text          0x00000092        0x0 ./repo/APP/EXTI_APP.o
 .text          0x00000092        0x0 ./repo/APP/LCD_App.o
 .text          0x00000092        0x0 ./repo/APP/LED.o
 .text          0x00000092        0x0 ./repo/APP/LED2.o
 .text          0x00000092        0x0 ./repo/APP/PushButton.o
 .text          0x00000092        0x0 ./repo/APP/PushButton2.o
 .text          0x00000092        0x0 ./repo/APP/SevenSegment.o
 .text          0x00000092        0x0 ./repo/APP/TimeLab.o
 .text          0x00000092        0x0 ./main.o
 .text          0x00000092        0x0 c:/winavr-20100110/bin/../lib/gcc/avr/4.3.3/avr5\libgcc.a(_udivmodqi4.o)
 .text          0x00000092        0x0 c:/winavr-20100110/bin/../lib/gcc/avr/4.3.3/avr5\libgcc.a(_exit.o)
 .text          0x00000092        0x0 c:/winavr-20100110/bin/../lib/gcc/avr/4.3.3/avr5\libgcc.a(_copy_data.o)
 .text          0x00000092        0x0 c:/winavr-20100110/bin/../lib/gcc/avr/4.3.3/avr5\libgcc.a(_clear_bss.o)
 .text          0x00000092       0x58 c:/winavr-20100110/bin/../lib/gcc/avr/4.3.3/avr5\libgcc.a(_fixunssfsi.o)
                0x00000092                __fixunssfsi
 .text          0x000000ea      0x354 c:/winavr-20100110/bin/../lib/gcc/avr/4.3.3/avr5\libgcc.a(_addsub_sf.o)
                0x00000382                __subsf3
                0x000003e4                __addsf3
 .text          0x0000043e      0x1f4 c:/winavr-20100110/bin/../lib/gcc/avr/4.3.3/avr5\libgcc.a(_mul_sf.o)
                0x0000043e                __mulsf3
 .text          0x00000632       0x60 c:/winavr-20100110/bin/../lib/gcc/avr/4.3.3/avr5\libgcc.a(_gt_sf.o)
                0x00000632                __gtsf2
 .text          0x00000692       0x60 c:/winavr-20100110/bin/../lib/gcc/avr/4.3.3/avr5\libgcc.a(_ge_sf.o)
                0x00000692                __gesf2
 .text          0x000006f2       0x60 c:/winavr-20100110/bin/../lib/gcc/avr/4.3.3/avr5\libgcc.a(_lt_sf.o)
                0x000006f2                __ltsf2
 .text          0x00000752       0xa8 c:/winavr-20100110/bin/../lib/gcc/avr/4.3.3/avr5\libgcc.a(_sf_to_si.o)
                0x00000752                __fixsfsi
 .text          0x000007fa        0x0 c:/winavr-20100110/bin/../lib/gcc/avr/4.3.3/avr5\libgcc.a(_thenan_sf.o)
 .text          0x000007fa        0x0 c:/winavr-20100110/bin/../lib/gcc/avr/4.3.3/avr5\libgcc.a(_prologue.o)
 .text          0x000007fa        0x0 c:/winavr-20100110/bin/../lib/gcc/avr/4.3.3/avr5\libgcc.a(_epilogue.o)
 .text          0x000007fa      0x1aa c:/winavr-20100110/bin/../lib/gcc/avr/4.3.3/avr5\libgcc.a(_pack_sf.o)
                0x000007fa                __pack_f
 .text          0x000009a4       0xf0 c:/winavr-20100110/bin/../lib/gcc/avr/4.3.3/avr5\libgcc.a(_unpack_sf.o)
                0x000009a4                __unpack_f
 .text          0x00000a94       0xb2 c:/winavr-20100110/bin/../lib/gcc/avr/4.3.3/avr5\libgcc.a(_fpcmp_parts_sf.o)
                0x00000a94                __fpcmp_parts_f
 .text          0x00000b46        0x0 c:/winavr-20100110/bin/../lib/gcc/avr/4.3.3/../../../../avr/lib/avr5\libc.a(itoa.o)
 .text          0x00000b46        0x0 c:/winavr-20100110/bin/../lib/gcc/avr/4.3.3/../../../../avr/lib/avr5\libc.a(strrev.o)
 .text          0x00000b46        0x0 c:/winavr-20100110/bin/../lib/gcc/avr/4.3.3/avr5\libgcc.a(_udivmodhi4.o)
                0x00000b46                . = ALIGN (0x2)
 *(.text.*)
 .text.TIM0_Initialization
                0x00000b46       0x6e ./repo/MCAL/TIMER0/TIMER0.o
                0x00000b46                TIM0_Initialization
 .text.TIM0_CompIntEnable
                0x00000bb4       0x1c ./repo/MCAL/TIMER0/TIMER0.o
                0x00000bb4                TIM0_CompIntEnable
 .text.TIM0_CompIntDisable
                0x00000bd0       0x1c ./repo/MCAL/TIMER0/TIMER0.o
                0x00000bd0                TIM0_CompIntDisable
 .text.TIM0_OverFlowIntEnable
                0x00000bec       0x1c ./repo/MCAL/TIMER0/TIMER0.o
                0x00000bec                TIM0_OverFlowIntEnable
 .text.TIM0_OverFlowIntDisable
                0x00000c08       0x1c ./repo/MCAL/TIMER0/TIMER0.o
                0x00000c08                TIM0_OverFlowIntDisable
 .text.TIM0_SetCompValue
                0x00000c24       0x1c ./repo/MCAL/TIMER0/TIMER0.o
                0x00000c24                TIM0_SetCompValue
 .text.TIM0_SetTimerValue
                0x00000c40       0x1c ./repo/MCAL/TIMER0/TIMER0.o
                0x00000c40                TIM0_SetTimerValue
 .text.TIM0_OverFlowCallBack
                0x00000c5c       0x24 ./repo/MCAL/TIMER0/TIMER0.o
                0x00000c5c                TIM0_OverFlowCallBack
 .text.TIM0_CompareCallBack
                0x00000c80       0x24 ./repo/MCAL/TIMER0/TIMER0.o
                0x00000c80                TIM0_CompareCallBack
 .text.__vector_10
                0x00000ca4       0x5a ./repo/MCAL/TIMER0/TIMER0.o
                0x00000ca4                __vector_10
 .text.__vector_11
                0x00000cfe       0x5a ./repo/MCAL/TIMER0/TIMER0.o
                0x00000cfe                __vector_11
 .text.GIE_Enable_Global
                0x00000d58       0x1c ./repo/MCAL/GIE/GIE.o
                0x00000d58                GIE_Enable_Global
 .text.GIE_Disable_Global
                0x00000d74       0x1c ./repo/MCAL/GIE/GIE.o
                0x00000d74                GIE_Disable_Global
 .text.EXTI_Initialization
                0x00000d90       0xa6 ./repo/MCAL/EXTI/EXTI.o
                0x00000d90                EXTI_Initialization
 .text.EXTI_Enable_INT0
                0x00000e36       0x1c ./repo/MCAL/EXTI/EXTI.o
                0x00000e36                EXTI_Enable_INT0
 .text.EXTI_Disable_INT0
                0x00000e52       0x1c ./repo/MCAL/EXTI/EXTI.o
                0x00000e52                EXTI_Disable_INT0
 .text.EXTI_ISR0
                0x00000e6e       0x24 ./repo/MCAL/EXTI/EXTI.o
                0x00000e6e                EXTI_ISR0
 .text.__vector_1
                0x00000e92       0x66 ./repo/MCAL/EXTI/EXTI.o
                0x00000e92                __vector_1
 .text.EXTI_ISR1
                0x00000ef8       0x24 ./repo/MCAL/EXTI/EXTI.o
                0x00000ef8                EXTI_ISR1
 .text.__vector_2
                0x00000f1c       0x66 ./repo/MCAL/EXTI/EXTI.o
                0x00000f1c                __vector_2
 .text.EXTI_ISR2
                0x00000f82       0x24 ./repo/MCAL/EXTI/EXTI.o
                0x00000f82                EXTI_ISR2
 .text.__vector_3
                0x00000fa6       0x66 ./repo/MCAL/EXTI/EXTI.o
                0x00000fa6                __vector_3
 .text.DIO_SetPortDirection
                0x0000100c       0xf2 ./repo/MCAL/DIO/DIO.o
                0x0000100c                DIO_SetPortDirection
 .text.DIO_SetPortValue
                0x000010fe       0x82 ./repo/MCAL/DIO/DIO.o
                0x000010fe                DIO_SetPortValue
 .text.DIO_SetPinDirection
                0x00001180      0x210 ./repo/MCAL/DIO/DIO.o
                0x00001180                DIO_SetPinDirection
 .text.DIO_SetPinValue
                0x00001390      0x210 ./repo/MCAL/DIO/DIO.o
                0x00001390                DIO_SetPinValue
 .text.DIO_GetPinValue
                0x000015a0      0x102 ./repo/MCAL/DIO/DIO.o
                0x000015a0                DIO_GetPinValue
 .text.DIO_ToggleBit
                0x000016a2      0x10a ./repo/MCAL/DIO/DIO.o
                0x000016a2                DIO_ToggleBit
 .text.ADC_Initialize
                0x000017ac       0x60 ./repo/MCAL/ADC/ADC.o
                0x000017ac                ADC_Initialize
 .text.ADC_StartConversion
                0x0000180c       0x40 ./repo/MCAL/ADC/ADC.o
                0x0000180c                ADC_StartConversion
 .text.ADC_GetResult
                0x0000184c       0x30 ./repo/MCAL/ADC/ADC.o
                0x0000184c                ADC_GetResult
 .text.Seven_Segmant_Initialization
                0x0000187c       0x4a ./repo/HAL/Seven_Segmant/Seven_Segmant.o
                0x0000187c                Seven_Segmant_Initialization
 .text.Seven_Segmant_Enable1
                0x000018c6       0x18 ./repo/HAL/Seven_Segmant/Seven_Segmant.o
                0x000018c6                Seven_Segmant_Enable1
 .text.Seven_Segmant_Enable2
                0x000018de       0x18 ./repo/HAL/Seven_Segmant/Seven_Segmant.o
                0x000018de                Seven_Segmant_Enable2
 .text.Seven_Segmant_Disable1
                0x000018f6       0x18 ./repo/HAL/Seven_Segmant/Seven_Segmant.o
                0x000018f6                Seven_Segmant_Disable1
 .text.Seven_Segmant_Disable2
                0x0000190e       0x18 ./repo/HAL/Seven_Segmant/Seven_Segmant.o
                0x0000190e                Seven_Segmant_Disable2
 .text.Seven_Segmant_Write_Number
                0x00001926       0x66 ./repo/HAL/Seven_Segmant/Seven_Segmant.o
                0x00001926                Seven_Segmant_Write_Number
 .text.LCD_WriteCmd
                0x0000198c      0x3bc ./repo/HAL/LCD/LCD.o
                0x0000198c                LCD_WriteCmd
 .text.LCD_Initialization
                0x00001d48      0x3f6 ./repo/HAL/LCD/LCD.o
                0x00001d48                LCD_Initialization
 .text.LCD_WriteData
                0x0000213e      0x3b2 ./repo/HAL/LCD/LCD.o
                0x0000213e                LCD_WriteData
 .text.LCD_GoToPos
                0x000024f0       0x54 ./repo/HAL/LCD/LCD.o
                0x000024f0                LCD_GoToPos
 .text.LCD_WriteString
                0x00002544      0x154 ./repo/HAL/LCD/LCD.o
                0x00002544                LCD_WriteString
 .text.LCD_StorePattern
                0x00002698       0x76 ./repo/HAL/LCD/LCD.o
                0x00002698                LCD_StorePattern
 .text.LCD_WritePattern
                0x0000270e       0x2c ./repo/HAL/LCD/LCD.o
                0x0000270e                LCD_WritePattern
 .text.ADC_Lab  0x0000273a       0xa2 ./repo/APP/ADC.o
                0x0000273a                ADC_Lab
 .text.Challenge1
                0x000027dc      0x306 ./repo/APP/Challenge1.o
                0x000027dc                Challenge1
 .text.EXTI_LAB
                0x00002ae2      0x224 ./repo/APP/EXTI_APP.o
                0x00002ae2                EXTI_LAB
 .text.EXTI0ISR
                0x00002d06      0x114 ./repo/APP/EXTI_APP.o
                0x00002d06                EXTI0ISR
 .text.LCD_App  0x00002e1a       0x8a ./repo/APP/LCD_App.o
                0x00002e1a                LCD_App
 .text.LED      0x00002ea4      0x11c ./repo/APP/LED.o
                0x00002ea4                LED
 .text.LED2     0x00002fc0      0x7e4 ./repo/APP/LED2.o
                0x00002fc0                LED2
 .text.PUSH_BUTTON
                0x000037a4       0x52 ./repo/APP/PushButton.o
                0x000037a4                PUSH_BUTTON
 .text.PUSH_BUTTON2
                0x000037f6      0xf8c ./repo/APP/PushButton2.o
                0x000037f6                PUSH_BUTTON2
 .text.SEV_SEG  0x00004782      0x248 ./repo/APP/SevenSegment.o
                0x00004782                SEV_SEG
 .text.TIMER_LAB
                0x000049ca       0x52 ./repo/APP/TimeLab.o
                0x000049ca                TIMER_LAB
 .text.Toggle   0x00004a1c       0x1e ./repo/APP/TimeLab.o
                0x00004a1c                Toggle
 .text.main     0x00004a3a       0x16 ./main.o
                0x00004a3a                main
 .text.libgcc   0x00004a50       0x18 c:/winavr-20100110/bin/../lib/gcc/avr/4.3.3/avr5\libgcc.a(_udivmodqi4.o)
                0x00004a50                __udivmodqi4
 .text.libgcc   0x00004a68        0x0 c:/winavr-20100110/bin/../lib/gcc/avr/4.3.3/avr5\libgcc.a(_exit.o)
 .text.libgcc   0x00004a68        0x0 c:/winavr-20100110/bin/../lib/gcc/avr/4.3.3/avr5\libgcc.a(_copy_data.o)
 .text.libgcc   0x00004a68        0x0 c:/winavr-20100110/bin/../lib/gcc/avr/4.3.3/avr5\libgcc.a(_clear_bss.o)
 .text.libgcc   0x00004a68       0x38 c:/winavr-20100110/bin/../lib/gcc/avr/4.3.3/avr5\libgcc.a(_prologue.o)
                0x00004a68                __prologue_saves__
 .text.libgcc   0x00004aa0       0x36 c:/winavr-20100110/bin/../lib/gcc/avr/4.3.3/avr5\libgcc.a(_epilogue.o)
                0x00004aa0                __epilogue_restores__
 .text.avr-libc
                0x00004ad6       0x42 c:/winavr-20100110/bin/../lib/gcc/avr/4.3.3/../../../../avr/lib/avr5\libc.a(itoa.o)
                0x00004ad6                itoa
 .text.avr-libc
                0x00004b18       0x20 c:/winavr-20100110/bin/../lib/gcc/avr/4.3.3/../../../../avr/lib/avr5\libc.a(strrev.o)
                0x00004b18                strrev
 .text.libgcc   0x00004b38       0x28 c:/winavr-20100110/bin/../lib/gcc/avr/4.3.3/avr5\libgcc.a(_udivmodhi4.o)
                0x00004b38                __udivmodhi4
                0x00004b60                . = ALIGN (0x2)
 *(.fini9)
 .fini9         0x00004b60        0x0 c:/winavr-20100110/bin/../lib/gcc/avr/4.3.3/avr5\libgcc.a(_exit.o)
                0x00004b60                exit
                0x00004b60                _exit
 *(.fini9)
 *(.fini8)
 *(.fini8)
 *(.fini7)
 *(.fini7)
 *(.fini6)
 *(.fini6)
 *(.fini5)
 *(.fini5)
 *(.fini4)
 *(.fini4)
 *(.fini3)
 *(.fini3)
 *(.fini2)
 *(.fini2)
 *(.fini1)
 *(.fini1)
 *(.fini0)
 .fini0         0x00004b60        0x4 c:/winavr-20100110/bin/../lib/gcc/avr/4.3.3/avr5\libgcc.a(_exit.o)
 *(.fini0)
                0x00004b64                _etext = .

.data           0x00800060       0x26 load address 0x00004b64
                0x00800060                PROVIDE (__data_start, .)
 *(.data)
 .data          0x00800060        0x0 c:/winavr-20100110/bin/../lib/gcc/avr/4.3.3/../../../../avr/lib/avr5/crtm32.o
 .data          0x00800060        0x0 ./repo/MCAL/TIMER0/TIMER0.o
 .data          0x00800060        0x0 ./repo/MCAL/GIE/GIE.o
 .data          0x00800060        0x0 ./repo/MCAL/EXTI/EXTI.o
 .data          0x00800060        0x0 ./repo/MCAL/DIO/DIO.o
 .data          0x00800060        0x0 ./repo/MCAL/ADC/ADC.o
 .data          0x00800060        0x0 ./repo/HAL/Seven_Segmant/Seven_Segmant.o
 .data          0x00800060        0x0 ./repo/HAL/LCD/LCD.o
 .data          0x00800060        0x9 ./repo/APP/ADC.o
 .data          0x00800069        0x0 ./repo/APP/Challenge1.o
 .data          0x00800069        0x0 ./repo/APP/EXTI_APP.o
 .data          0x00800069        0xc ./repo/APP/LCD_App.o
 .data          0x00800075        0x0 ./repo/APP/LED.o
 .data          0x00800075        0x0 ./repo/APP/LED2.o
 .data          0x00800075        0x0 ./repo/APP/PushButton.o
 .data          0x00800075        0x0 ./repo/APP/PushButton2.o
 .data          0x00800075        0x0 ./repo/APP/SevenSegment.o
 .data          0x00800075        0x0 ./repo/APP/TimeLab.o
 .data          0x00800075        0x0 ./main.o
 .data          0x00800075        0x0 c:/winavr-20100110/bin/../lib/gcc/avr/4.3.3/avr5\libgcc.a(_udivmodqi4.o)
 .data          0x00800075        0x0 c:/winavr-20100110/bin/../lib/gcc/avr/4.3.3/avr5\libgcc.a(_exit.o)
 .data          0x00800075        0x0 c:/winavr-20100110/bin/../lib/gcc/avr/4.3.3/avr5\libgcc.a(_copy_data.o)
 .data          0x00800075        0x0 c:/winavr-20100110/bin/../lib/gcc/avr/4.3.3/avr5\libgcc.a(_clear_bss.o)
 .data          0x00800075        0x0 c:/winavr-20100110/bin/../lib/gcc/avr/4.3.3/avr5\libgcc.a(_fixunssfsi.o)
 .data          0x00800075        0x0 c:/winavr-20100110/bin/../lib/gcc/avr/4.3.3/avr5\libgcc.a(_addsub_sf.o)
 .data          0x00800075        0x0 c:/winavr-20100110/bin/../lib/gcc/avr/4.3.3/avr5\libgcc.a(_mul_sf.o)
 .data          0x00800075        0x0 c:/winavr-20100110/bin/../lib/gcc/avr/4.3.3/avr5\libgcc.a(_gt_sf.o)
 .data          0x00800075        0x0 c:/winavr-20100110/bin/../lib/gcc/avr/4.3.3/avr5\libgcc.a(_ge_sf.o)
 .data          0x00800075        0x0 c:/winavr-20100110/bin/../lib/gcc/avr/4.3.3/avr5\libgcc.a(_lt_sf.o)
 .data          0x00800075        0x0 c:/winavr-20100110/bin/../lib/gcc/avr/4.3.3/avr5\libgcc.a(_sf_to_si.o)
 .data          0x00800075        0x8 c:/winavr-20100110/bin/../lib/gcc/avr/4.3.3/avr5\libgcc.a(_thenan_sf.o)
                0x00800075                __thenan_sf
 .data          0x0080007d        0x0 c:/winavr-20100110/bin/../lib/gcc/avr/4.3.3/avr5\libgcc.a(_prologue.o)
 .data          0x0080007d        0x0 c:/winavr-20100110/bin/../lib/gcc/avr/4.3.3/avr5\libgcc.a(_epilogue.o)
 .data          0x0080007d        0x0 c:/winavr-20100110/bin/../lib/gcc/avr/4.3.3/avr5\libgcc.a(_pack_sf.o)
 .data          0x0080007d        0x0 c:/winavr-20100110/bin/../lib/gcc/avr/4.3.3/avr5\libgcc.a(_unpack_sf.o)
 .data          0x0080007d        0x0 c:/winavr-20100110/bin/../lib/gcc/avr/4.3.3/avr5\libgcc.a(_fpcmp_parts_sf.o)
 .data          0x0080007d        0x0 c:/winavr-20100110/bin/../lib/gcc/avr/4.3.3/../../../../avr/lib/avr5\libc.a(itoa.o)
 .data          0x0080007d        0x0 c:/winavr-20100110/bin/../lib/gcc/avr/4.3.3/../../../../avr/lib/avr5\libc.a(strrev.o)
 .data          0x0080007d        0x0 c:/winavr-20100110/bin/../lib/gcc/avr/4.3.3/avr5\libgcc.a(_udivmodhi4.o)
 *(.data*)
 *(.rodata)
 *(.rodata*)
 .rodata.C.0.1283
                0x0080007d        0x8 ./repo/APP/LCD_App.o
 *(.gnu.linkonce.d*)
                0x00800086                . = ALIGN (0x2)
 *fill*         0x00800085        0x1 00
                0x00800086                _edata = .
                0x00800086                PROVIDE (__data_end, .)

.bss            0x00800086        0xc
                0x00800086                PROVIDE (__bss_start, .)
 *(.bss)
 .bss           0x00800086        0x0 c:/winavr-20100110/bin/../lib/gcc/avr/4.3.3/../../../../avr/lib/avr5/crtm32.o
 .bss           0x00800086        0x0 ./repo/MCAL/TIMER0/TIMER0.o
 .bss           0x00800086        0x0 ./repo/MCAL/GIE/GIE.o
 .bss           0x00800086        0x0 ./repo/MCAL/EXTI/EXTI.o
 .bss           0x00800086        0x0 ./repo/MCAL/DIO/DIO.o
 .bss           0x00800086        0x0 ./repo/MCAL/ADC/ADC.o
 .bss           0x00800086        0x0 ./repo/HAL/Seven_Segmant/Seven_Segmant.o
 .bss           0x00800086        0x0 ./repo/HAL/LCD/LCD.o
 .bss           0x00800086        0x0 ./repo/APP/ADC.o
 .bss           0x00800086        0x0 ./repo/APP/Challenge1.o
 .bss           0x00800086        0x0 ./repo/APP/EXTI_APP.o
 .bss           0x00800086        0x0 ./repo/APP/LCD_App.o
 .bss           0x00800086        0x0 ./repo/APP/LED.o
 .bss           0x00800086        0x0 ./repo/APP/LED2.o
 .bss           0x00800086        0x0 ./repo/APP/PushButton.o
 .bss           0x00800086        0x0 ./repo/APP/PushButton2.o
 .bss           0x00800086        0x0 ./repo/APP/SevenSegment.o
 .bss           0x00800086        0x0 ./repo/APP/TimeLab.o
 .bss           0x00800086        0x0 ./main.o
 .bss           0x00800086        0x0 c:/winavr-20100110/bin/../lib/gcc/avr/4.3.3/avr5\libgcc.a(_udivmodqi4.o)
 .bss           0x00800086        0x0 c:/winavr-20100110/bin/../lib/gcc/avr/4.3.3/avr5\libgcc.a(_exit.o)
 .bss           0x00800086        0x0 c:/winavr-20100110/bin/../lib/gcc/avr/4.3.3/avr5\libgcc.a(_copy_data.o)
 .bss           0x00800086        0x0 c:/winavr-20100110/bin/../lib/gcc/avr/4.3.3/avr5\libgcc.a(_clear_bss.o)
 .bss           0x00800086        0x0 c:/winavr-20100110/bin/../lib/gcc/avr/4.3.3/avr5\libgcc.a(_fixunssfsi.o)
 .bss           0x00800086        0x0 c:/winavr-20100110/bin/../lib/gcc/avr/4.3.3/avr5\libgcc.a(_addsub_sf.o)
 .bss           0x00800086        0x0 c:/winavr-20100110/bin/../lib/gcc/avr/4.3.3/avr5\libgcc.a(_mul_sf.o)
 .bss           0x00800086        0x0 c:/winavr-20100110/bin/../lib/gcc/avr/4.3.3/avr5\libgcc.a(_gt_sf.o)
 .bss           0x00800086        0x0 c:/winavr-20100110/bin/../lib/gcc/avr/4.3.3/avr5\libgcc.a(_ge_sf.o)
 .bss           0x00800086        0x0 c:/winavr-20100110/bin/../lib/gcc/avr/4.3.3/avr5\libgcc.a(_lt_sf.o)
 .bss           0x00800086        0x0 c:/winavr-20100110/bin/../lib/gcc/avr/4.3.3/avr5\libgcc.a(_sf_to_si.o)
 .bss           0x00800086        0x0 c:/winavr-20100110/bin/../lib/gcc/avr/4.3.3/avr5\libgcc.a(_thenan_sf.o)
 .bss           0x00800086        0x0 c:/winavr-20100110/bin/../lib/gcc/avr/4.3.3/avr5\libgcc.a(_prologue.o)
 .bss           0x00800086        0x0 c:/winavr-20100110/bin/../lib/gcc/avr/4.3.3/avr5\libgcc.a(_epilogue.o)
 .bss           0x00800086        0x0 c:/winavr-20100110/bin/../lib/gcc/avr/4.3.3/avr5\libgcc.a(_pack_sf.o)
 .bss           0x00800086        0x0 c:/winavr-20100110/bin/../lib/gcc/avr/4.3.3/avr5\libgcc.a(_unpack_sf.o)
 .bss           0x00800086        0x0 c:/winavr-20100110/bin/../lib/gcc/avr/4.3.3/avr5\libgcc.a(_fpcmp_parts_sf.o)
 .bss           0x00800086        0x0 c:/winavr-20100110/bin/../lib/gcc/avr/4.3.3/../../../../avr/lib/avr5\libc.a(itoa.o)
 .bss           0x00800086        0x0 c:/winavr-20100110/bin/../lib/gcc/avr/4.3.3/../../../../avr/lib/avr5\libc.a(strrev.o)
 .bss           0x00800086        0x0 c:/winavr-20100110/bin/../lib/gcc/avr/4.3.3/avr5\libgcc.a(_udivmodhi4.o)
 *(.bss*)
 .bss.CallIntOver
                0x00800086        0x2 ./repo/MCAL/TIMER0/TIMER0.o
 .bss.CallIntComp
                0x00800088        0x2 ./repo/MCAL/TIMER0/TIMER0.o
 .bss.CallBackPtr0
                0x0080008a        0x2 ./repo/MCAL/EXTI/EXTI.o
                0x0080008a                CallBackPtr0
 .bss.CallBackPtr1
                0x0080008c        0x2 ./repo/MCAL/EXTI/EXTI.o
                0x0080008c                CallBackPtr1
 .bss.CallBackPtr2
                0x0080008e        0x2 ./repo/MCAL/EXTI/EXTI.o
                0x0080008e                CallBackPtr2
 .bss.InitSetupFinished
                0x00800090        0x1 ./repo/HAL/LCD/LCD.o
 .bss.num       0x00800091        0x1 ./repo/APP/TimeLab.o
                0x00800091                num
 *(COMMON)
                0x00800092                PROVIDE (__bss_end, .)
                0x00004b64                __data_load_start = LOADADDR (.data)
                0x00004b8a                __data_load_end = (__data_load_start + SIZEOF (.data))

.noinit         0x00800092        0x0
                0x00800092                PROVIDE (__noinit_start, .)
 *(.noinit*)
                0x00800092                PROVIDE (__noinit_end, .)
                0x00800092                _end = .
                0x00800092                PROVIDE (__heap_start, .)

.eeprom         0x00810000        0x0
 *(.eeprom*)
                0x00810000                __eeprom_end = .

.fuse
 *(.fuse)
 *(.lfuse)
 *(.hfuse)
 *(.efuse)

.lock
 *(.lock*)

.signature
 *(.signature*)

.stab           0x00000000     0x5010
 *(.stab)
 .stab          0x00000000      0x42c ./repo/MCAL/TIMER0/TIMER0.o
 .stab          0x0000042c      0x1e0 ./repo/MCAL/GIE/GIE.o
                                0x1ec (size before relaxing)
 .stab          0x0000060c      0x414 ./repo/MCAL/EXTI/EXTI.o
                                0x420 (size before relaxing)
 .stab          0x00000a20      0x60c ./repo/MCAL/DIO/DIO.o
                                0x618 (size before relaxing)
 .stab          0x0000102c      0x294 ./repo/MCAL/ADC/ADC.o
                                0x2a0 (size before relaxing)
 .stab          0x000012c0      0x378 ./repo/HAL/Seven_Segmant/Seven_Segmant.o
                                0x384 (size before relaxing)
 .stab          0x00001638      0xfcc ./repo/HAL/LCD/LCD.o
                                0xfd8 (size before relaxing)
 .stab          0x00002604      0x33c ./repo/APP/ADC.o
                                0x4d4 (size before relaxing)
 .stab          0x00002940      0x39c ./repo/APP/Challenge1.o
                                0x60c (size before relaxing)
 .stab          0x00002cdc      0x480 ./repo/APP/EXTI_APP.o
                                0x66c (size before relaxing)
 .stab          0x0000315c      0x18c ./repo/APP/LCD_App.o
                                0x3a8 (size before relaxing)
 .stab          0x000032e8      0x204 ./repo/APP/LED.o
                                0x474 (size before relaxing)
 .stab          0x000034ec      0x6a8 ./repo/APP/LED2.o
                                0x918 (size before relaxing)
 .stab          0x00003b94      0x1b0 ./repo/APP/PushButton.o
                                0x420 (size before relaxing)
 .stab          0x00003d44      0xb94 ./repo/APP/PushButton2.o
                                0xe10 (size before relaxing)
 .stab          0x000048d8      0x408 ./repo/APP/SevenSegment.o
                                0x624 (size before relaxing)
 .stab          0x00004ce0      0x204 ./repo/APP/TimeLab.o
                                0x480 (size before relaxing)
 .stab          0x00004ee4      0x12c ./main.o
                                0x138 (size before relaxing)

.stabstr        0x00000000     0x1a5f
 *(.stabstr)
 .stabstr       0x00000000     0x1a5f ./repo/MCAL/TIMER0/TIMER0.o

.stab.excl
 *(.stab.excl)

.stab.exclstr
 *(.stab.exclstr)

.stab.index
 *(.stab.index)

.stab.indexstr
 *(.stab.indexstr)

.comment
 *(.comment)

.debug
 *(.debug)

.line
 *(.line)

.debug_srcinfo
 *(.debug_srcinfo)

.debug_sfnames
 *(.debug_sfnames)

.debug_aranges  0x00000000      0x140
 *(.debug_aranges)
 .debug_aranges
                0x00000000       0x20 c:/winavr-20100110/bin/../lib/gcc/avr/4.3.3/avr5\libgcc.a(_fixunssfsi.o)
 .debug_aranges
                0x00000020       0x20 c:/winavr-20100110/bin/../lib/gcc/avr/4.3.3/avr5\libgcc.a(_addsub_sf.o)
 .debug_aranges
                0x00000040       0x20 c:/winavr-20100110/bin/../lib/gcc/avr/4.3.3/avr5\libgcc.a(_mul_sf.o)
 .debug_aranges
                0x00000060       0x20 c:/winavr-20100110/bin/../lib/gcc/avr/4.3.3/avr5\libgcc.a(_gt_sf.o)
 .debug_aranges
                0x00000080       0x20 c:/winavr-20100110/bin/../lib/gcc/avr/4.3.3/avr5\libgcc.a(_ge_sf.o)
 .debug_aranges
                0x000000a0       0x20 c:/winavr-20100110/bin/../lib/gcc/avr/4.3.3/avr5\libgcc.a(_lt_sf.o)
 .debug_aranges
                0x000000c0       0x20 c:/winavr-20100110/bin/../lib/gcc/avr/4.3.3/avr5\libgcc.a(_sf_to_si.o)
 .debug_aranges
                0x000000e0       0x20 c:/winavr-20100110/bin/../lib/gcc/avr/4.3.3/avr5\libgcc.a(_pack_sf.o)
 .debug_aranges
                0x00000100       0x20 c:/winavr-20100110/bin/../lib/gcc/avr/4.3.3/avr5\libgcc.a(_unpack_sf.o)
 .debug_aranges
                0x00000120       0x20 c:/winavr-20100110/bin/../lib/gcc/avr/4.3.3/avr5\libgcc.a(_fpcmp_parts_sf.o)

.debug_pubnames
                0x00000000      0x170
 *(.debug_pubnames)
 .debug_pubnames
                0x00000000       0x23 c:/winavr-20100110/bin/../lib/gcc/avr/4.3.3/avr5\libgcc.a(_fixunssfsi.o)
 .debug_pubnames
                0x00000023       0x2c c:/winavr-20100110/bin/../lib/gcc/avr/4.3.3/avr5\libgcc.a(_addsub_sf.o)
 .debug_pubnames
                0x0000004f       0x1f c:/winavr-20100110/bin/../lib/gcc/avr/4.3.3/avr5\libgcc.a(_mul_sf.o)
 .debug_pubnames
                0x0000006e       0x1e c:/winavr-20100110/bin/../lib/gcc/avr/4.3.3/avr5\libgcc.a(_gt_sf.o)
 .debug_pubnames
                0x0000008c       0x1e c:/winavr-20100110/bin/../lib/gcc/avr/4.3.3/avr5\libgcc.a(_ge_sf.o)
 .debug_pubnames
                0x000000aa       0x1e c:/winavr-20100110/bin/../lib/gcc/avr/4.3.3/avr5\libgcc.a(_lt_sf.o)
 .debug_pubnames
                0x000000c8       0x20 c:/winavr-20100110/bin/../lib/gcc/avr/4.3.3/avr5\libgcc.a(_sf_to_si.o)
 .debug_pubnames
                0x000000e8       0x22 c:/winavr-20100110/bin/../lib/gcc/avr/4.3.3/avr5\libgcc.a(_thenan_sf.o)
 .debug_pubnames
                0x0000010a       0x1f c:/winavr-20100110/bin/../lib/gcc/avr/4.3.3/avr5\libgcc.a(_pack_sf.o)
 .debug_pubnames
                0x00000129       0x21 c:/winavr-20100110/bin/../lib/gcc/avr/4.3.3/avr5\libgcc.a(_unpack_sf.o)
 .debug_pubnames
                0x0000014a       0x26 c:/winavr-20100110/bin/../lib/gcc/avr/4.3.3/avr5\libgcc.a(_fpcmp_parts_sf.o)

.debug_info     0x00000000     0x1c49
 *(.debug_info)
 .debug_info    0x00000000       0xb1 c:/winavr-20100110/bin/../lib/gcc/avr/4.3.3/avr5\libgcc.a(_fixunssfsi.o)
 .debug_info    0x000000b1      0x47a c:/winavr-20100110/bin/../lib/gcc/avr/4.3.3/avr5\libgcc.a(_addsub_sf.o)
 .debug_info    0x0000052b      0x485 c:/winavr-20100110/bin/../lib/gcc/avr/4.3.3/avr5\libgcc.a(_mul_sf.o)
 .debug_info    0x000009b0      0x27f c:/winavr-20100110/bin/../lib/gcc/avr/4.3.3/avr5\libgcc.a(_gt_sf.o)
 .debug_info    0x00000c2f      0x27f c:/winavr-20100110/bin/../lib/gcc/avr/4.3.3/avr5\libgcc.a(_ge_sf.o)
 .debug_info    0x00000eae      0x27f c:/winavr-20100110/bin/../lib/gcc/avr/4.3.3/avr5\libgcc.a(_lt_sf.o)
 .debug_info    0x0000112d      0x2b0 c:/winavr-20100110/bin/../lib/gcc/avr/4.3.3/avr5\libgcc.a(_sf_to_si.o)
 .debug_info    0x000013dd      0x12c c:/winavr-20100110/bin/../lib/gcc/avr/4.3.3/avr5\libgcc.a(_thenan_sf.o)
 .debug_info    0x00001509      0x2df c:/winavr-20100110/bin/../lib/gcc/avr/4.3.3/avr5\libgcc.a(_pack_sf.o)
 .debug_info    0x000017e8      0x251 c:/winavr-20100110/bin/../lib/gcc/avr/4.3.3/avr5\libgcc.a(_unpack_sf.o)
 .debug_info    0x00001a39      0x210 c:/winavr-20100110/bin/../lib/gcc/avr/4.3.3/avr5\libgcc.a(_fpcmp_parts_sf.o)
 *(.gnu.linkonce.wi.*)

.debug_abbrev   0x00000000      0xeeb
 *(.debug_abbrev)
 .debug_abbrev  0x00000000       0x5d c:/winavr-20100110/bin/../lib/gcc/avr/4.3.3/avr5\libgcc.a(_fixunssfsi.o)
 .debug_abbrev  0x0000005d      0x1ea c:/winavr-20100110/bin/../lib/gcc/avr/4.3.3/avr5\libgcc.a(_addsub_sf.o)
 .debug_abbrev  0x00000247      0x21b c:/winavr-20100110/bin/../lib/gcc/avr/4.3.3/avr5\libgcc.a(_mul_sf.o)
 .debug_abbrev  0x00000462      0x15a c:/winavr-20100110/bin/../lib/gcc/avr/4.3.3/avr5\libgcc.a(_gt_sf.o)
 .debug_abbrev  0x000005bc      0x15a c:/winavr-20100110/bin/../lib/gcc/avr/4.3.3/avr5\libgcc.a(_ge_sf.o)
 .debug_abbrev  0x00000716      0x15a c:/winavr-20100110/bin/../lib/gcc/avr/4.3.3/avr5\libgcc.a(_lt_sf.o)
 .debug_abbrev  0x00000870      0x17f c:/winavr-20100110/bin/../lib/gcc/avr/4.3.3/avr5\libgcc.a(_sf_to_si.o)
 .debug_abbrev  0x000009ef       0xad c:/winavr-20100110/bin/../lib/gcc/avr/4.3.3/avr5\libgcc.a(_thenan_sf.o)
 .debug_abbrev  0x00000a9c      0x1c0 c:/winavr-20100110/bin/../lib/gcc/avr/4.3.3/avr5\libgcc.a(_pack_sf.o)
 .debug_abbrev  0x00000c5c      0x154 c:/winavr-20100110/bin/../lib/gcc/avr/4.3.3/avr5\libgcc.a(_unpack_sf.o)
 .debug_abbrev  0x00000db0      0x13b c:/winavr-20100110/bin/../lib/gcc/avr/4.3.3/avr5\libgcc.a(_fpcmp_parts_sf.o)

.debug_line     0x00000000      0xdad
 *(.debug_line)
 .debug_line    0x00000000       0xa7 c:/winavr-20100110/bin/../lib/gcc/avr/4.3.3/avr5\libgcc.a(_fixunssfsi.o)
 .debug_line    0x000000a7      0x2af c:/winavr-20100110/bin/../lib/gcc/avr/4.3.3/avr5\libgcc.a(_addsub_sf.o)
 .debug_line    0x00000356      0x239 c:/winavr-20100110/bin/../lib/gcc/avr/4.3.3/avr5\libgcc.a(_mul_sf.o)
 .debug_line    0x0000058f       0xd3 c:/winavr-20100110/bin/../lib/gcc/avr/4.3.3/avr5\libgcc.a(_gt_sf.o)
 .debug_line    0x00000662       0xd3 c:/winavr-20100110/bin/../lib/gcc/avr/4.3.3/avr5\libgcc.a(_ge_sf.o)
 .debug_line    0x00000735       0xd3 c:/winavr-20100110/bin/../lib/gcc/avr/4.3.3/avr5\libgcc.a(_lt_sf.o)
 .debug_line    0x00000808      0x109 c:/winavr-20100110/bin/../lib/gcc/avr/4.3.3/avr5\libgcc.a(_sf_to_si.o)
 .debug_line    0x00000911       0x90 c:/winavr-20100110/bin/../lib/gcc/avr/4.3.3/avr5\libgcc.a(_thenan_sf.o)
 .debug_line    0x000009a1      0x18a c:/winavr-20100110/bin/../lib/gcc/avr/4.3.3/avr5\libgcc.a(_pack_sf.o)
 .debug_line    0x00000b2b      0x14b c:/winavr-20100110/bin/../lib/gcc/avr/4.3.3/avr5\libgcc.a(_unpack_sf.o)
 .debug_line    0x00000c76      0x137 c:/winavr-20100110/bin/../lib/gcc/avr/4.3.3/avr5\libgcc.a(_fpcmp_parts_sf.o)

.debug_frame    0x00000000      0x160
 *(.debug_frame)
 .debug_frame   0x00000000       0x20 c:/winavr-20100110/bin/../lib/gcc/avr/4.3.3/avr5\libgcc.a(_fixunssfsi.o)
 .debug_frame   0x00000020       0x40 c:/winavr-20100110/bin/../lib/gcc/avr/4.3.3/avr5\libgcc.a(_addsub_sf.o)
 .debug_frame   0x00000060       0x20 c:/winavr-20100110/bin/../lib/gcc/avr/4.3.3/avr5\libgcc.a(_mul_sf.o)
 .debug_frame   0x00000080       0x20 c:/winavr-20100110/bin/../lib/gcc/avr/4.3.3/avr5\libgcc.a(_gt_sf.o)
 .debug_frame   0x000000a0       0x20 c:/winavr-20100110/bin/../lib/gcc/avr/4.3.3/avr5\libgcc.a(_ge_sf.o)
 .debug_frame   0x000000c0       0x20 c:/winavr-20100110/bin/../lib/gcc/avr/4.3.3/avr5\libgcc.a(_lt_sf.o)
 .debug_frame   0x000000e0       0x20 c:/winavr-20100110/bin/../lib/gcc/avr/4.3.3/avr5\libgcc.a(_sf_to_si.o)
 .debug_frame   0x00000100       0x20 c:/winavr-20100110/bin/../lib/gcc/avr/4.3.3/avr5\libgcc.a(_pack_sf.o)
 .debug_frame   0x00000120       0x20 c:/winavr-20100110/bin/../lib/gcc/avr/4.3.3/avr5\libgcc.a(_unpack_sf.o)
 .debug_frame   0x00000140       0x20 c:/winavr-20100110/bin/../lib/gcc/avr/4.3.3/avr5\libgcc.a(_fpcmp_parts_sf.o)

.debug_str      0x00000000      0x28d
 *(.debug_str)
 .debug_str     0x00000000       0xbf c:/winavr-20100110/bin/../lib/gcc/avr/4.3.3/avr5\libgcc.a(_fixunssfsi.o)
                                 0xfe (size before relaxing)
 .debug_str     0x000000bf      0x14d c:/winavr-20100110/bin/../lib/gcc/avr/4.3.3/avr5\libgcc.a(_addsub_sf.o)
                                0x206 (size before relaxing)
 .debug_str     0x0000020c       0x27 c:/winavr-20100110/bin/../lib/gcc/avr/4.3.3/avr5\libgcc.a(_mul_sf.o)
                                0x1bf (size before relaxing)
 .debug_str     0x00000233        0xf c:/winavr-20100110/bin/../lib/gcc/avr/4.3.3/avr5\libgcc.a(_gt_sf.o)
                                0x195 (size before relaxing)
 .debug_str     0x00000242        0x8 c:/winavr-20100110/bin/../lib/gcc/avr/4.3.3/avr5\libgcc.a(_ge_sf.o)
                                0x195 (size before relaxing)
 .debug_str     0x0000024a        0x8 c:/winavr-20100110/bin/../lib/gcc/avr/4.3.3/avr5\libgcc.a(_lt_sf.o)
                                0x195 (size before relaxing)
 .debug_str     0x00000252        0xa c:/winavr-20100110/bin/../lib/gcc/avr/4.3.3/avr5\libgcc.a(_sf_to_si.o)
                                0x19e (size before relaxing)
 .debug_str     0x00000000      0x103 c:/winavr-20100110/bin/../lib/gcc/avr/4.3.3/avr5\libgcc.a(_thenan_sf.o)
 .debug_str     0x0000025c       0x16 c:/winavr-20100110/bin/../lib/gcc/avr/4.3.3/avr5\libgcc.a(_pack_sf.o)
                                0x19d (size before relaxing)
 .debug_str     0x00000272        0xb c:/winavr-20100110/bin/../lib/gcc/avr/4.3.3/avr5\libgcc.a(_unpack_sf.o)
                                0x17f (size before relaxing)
 .debug_str     0x0000027d       0x10 c:/winavr-20100110/bin/../lib/gcc/avr/4.3.3/avr5\libgcc.a(_fpcmp_parts_sf.o)
                                0x163 (size before relaxing)

.debug_loc      0x00000000      0x7ce
 *(.debug_loc)
 .debug_loc     0x00000000       0x34 c:/winavr-20100110/bin/../lib/gcc/avr/4.3.3/avr5\libgcc.a(_fixunssfsi.o)
 .debug_loc     0x00000034      0x32a c:/winavr-20100110/bin/../lib/gcc/avr/4.3.3/avr5\libgcc.a(_addsub_sf.o)
 .debug_loc     0x0000035e      0x104 c:/winavr-20100110/bin/../lib/gcc/avr/4.3.3/avr5\libgcc.a(_mul_sf.o)
 .debug_loc     0x00000462       0x3c c:/winavr-20100110/bin/../lib/gcc/avr/4.3.3/avr5\libgcc.a(_gt_sf.o)
 .debug_loc     0x0000049e       0x3c c:/winavr-20100110/bin/../lib/gcc/avr/4.3.3/avr5\libgcc.a(_ge_sf.o)
 .debug_loc     0x000004da       0x3c c:/winavr-20100110/bin/../lib/gcc/avr/4.3.3/avr5\libgcc.a(_lt_sf.o)
 .debug_loc     0x00000516       0x7e c:/winavr-20100110/bin/../lib/gcc/avr/4.3.3/avr5\libgcc.a(_sf_to_si.o)
 .debug_loc     0x00000594      0x13e c:/winavr-20100110/bin/../lib/gcc/avr/4.3.3/avr5\libgcc.a(_pack_sf.o)
 .debug_loc     0x000006d2       0xac c:/winavr-20100110/bin/../lib/gcc/avr/4.3.3/avr5\libgcc.a(_unpack_sf.o)
 .debug_loc     0x0000077e       0x50 c:/winavr-20100110/bin/../lib/gcc/avr/4.3.3/avr5\libgcc.a(_fpcmp_parts_sf.o)

.debug_macinfo
 *(.debug_macinfo)
OUTPUT(Interfacing.elf elf32-avr)
LOAD linker stubs

.debug_ranges   0x00000000       0x50
 .debug_ranges  0x00000000       0x50 c:/winavr-20100110/bin/../lib/gcc/avr/4.3.3/avr5\libgcc.a(_mul_sf.o)
